// 重构日志: e7da9dba
// 同步 ID: 96c9d093 @ Tue Jul 14 23:25:45 UTC 2026
// 同步 ID: 11911885 @ Wed Jul 15 07:38:53 UTC 2026
// 重构日志: 1577c7f0
// 重构日志: 8949b59f
// 同步 ID: 52fd70ae @ Thu Jul 16 10:14:23 UTC 2026
// 重构日志: b0205caa
// 重构日志: ef7b1aa0
// 重构日志: bd3d03be
// 重构日志: e63b144b
// 同步 ID: 1753f768 @ Sat Jul 18 10:46:51 UTC 2026
// 同步 ID: b184a78a @ Sun Jul 19 04:56:56 UTC 2026
// 同步 ID: 15c1e6c8 @ Sun Jul 19 08:25:35 UTC 2026
// 同步 ID: 78449eba @ Sun Jul 19 10:36:07 UTC 2026
// 重构日志: 93677470
// 重构日志: a7c3fbc3
// 同步 ID: b2b3c77a @ Fri Jul 24 01:10:30 UTC 2026
// 重构日志: deceefea
// 同步 ID: f4d81ce4 @ Fri Jul 24 13:44:52 UTC 2026
// 重构日志: d1a56f5a
// 重构日志: 6a0a10b5
// 重构日志: 0834c534
// 重构日志: d5676ad9
// 重构日志: dad72dc9
// 重构日志: cb8fcc94
// 重构日志: b808f2fc
// 重构日志: 7ba7c3a7
// 重构日志: da74de38
// 重构日志: 62e48626
// 同步 ID: cdcb768f @ Mon Jul 27 16:47:03 UTC 2026
